// Jest Snapshot v1, https://goo.gl/fbAQLP

exports[`WatchList component matches snapshot 1`] = `
<DocumentFragment>
  <table>
    <thead>
      <tr>
        <th>
          Название фильма
        </th>
        <th />
      </tr>
    </thead>
    <tbody>
      <tr>
        <td>
          Leon
        </td>
        <td>
          <button>
            Remove from watch list
          </button>
        </td>
      </tr>
      <tr>
        <td>
          Neon Genesis Evangelion
        </td>
        <td>
          <button>
            Remove from watch list
          </button>
        </td>
      </tr>
      <tr>
        <td>
          2012
        </td>
        <td>
          <button>
            Remove from watch list
          </button>
        </td>
      </tr>
    </tbody>
  </table>
</DocumentFragment>
`;
